// Jest Snapshot v1, https://goo.gl/fbAQLP

exports[`Photos component renders the photo component 1`] = `
<ul>
  <li
    key="/img.jpg"
  >
    <Photo
      photo="/img.jpg"
    />
  </li>
  <li
    key="./img2.jpg"
  >
    <Photo
      photo="./img2.jpg"
    />
  </li>
  <li
    key="./img3.jpg"
  >
    <Photo
      photo="./img3.jpg"
    />
  </li>
</ul>
`;
