// Jest Snapshot v1, https://goo.gl/fbAQLP

exports[`App component renders the app component 1`] = `
<section
  className="App"
>
  <Sidebar>
    <a
      href="#"
      onClick={[Function]}
    >
      Homepage
    </a>
    <a
      href="#"
      onClick={[Function]}
    >
      About Me
    </a>
    <a
      href="#"
      onClick={[Function]}
    >
      Contact
    </a>
  </Sidebar>
  <p>
    My Cool Homepage
  </p>
</section>
`;
