// Jest Snapshot v1, https://goo.gl/fbAQLP

exports[`Color component renders a color 1`] = `
<dl>
  <dt>
    Name
  </dt>
  <dd>
    blue
     
    <div
      style={
        Object {
          "backgroundColor": "#0000FF",
          "height": "20px",
          "width": "20px",
        }
      }
    />
  </dd>
  <dt>
    Hex
  </dt>
  <dd>
    #0000FF
  </dd>
  <dt>
    RGB
  </dt>
  <dd>
    <p>
      (
      0
      ,
      0
      ,
      255
      )
    </p>
  </dd>
</dl>
`;
