// Jest Snapshot v1, https://goo.gl/fbAQLP

exports[`Color component renders a color 1`] = `
<dl>
  <dt>
    Name
  </dt>
  <dd>
    <div
      style={
        Object {
          "backgroundColor": "#FF69B4",
          "display": "inline-block",
          "height": "20px",
          "width": "20px",
        }
      }
    />
    hotpink
  </dd>
  <dt>
    Hex
  </dt>
  <dd>
    #FF69B4
  </dd>
  <dt>
    RBG
  </dt>
  <dd>
    (255,105,180)
  </dd>
</dl>
`;
